pkgname = foo
pkgver = 1.0.0beta1-r1
arch = amd64
size = 10
pkgdesc = Foo does things
url = http://carlosbecker.com
maintainer = Carlos A Becker <pkg@carlosbecker.com>
replaces = svn
replaces = subversion
provides = bzr
provides = zzz
depend = bash
depend = foo
datahash = 
